evt: {"event":"config_resolved","pinned_sha":"993d816b191e551b95f98bf6d1e643587b1a2edc","sess":"root-20260910-push-audit-sub0","tier":"implicit_default_repo","ts":1789079899347,"version":1,"why":"gm's own shared default config repo at https://github.com/AnEntrypoint/gm-config (no project or user config.source.json configured)"}
evt: {"event":"config_resolved","pinned_sha":"993d816b191e551b95f98bf6d1e643587b1a2edc","sess":"root-20260910-push-audit-sub0","tier":"implicit_default_repo","ts":1789079899350,"version":1,"why":"gm's own shared default config repo at https://github.com/AnEntrypoint/gm-config (no project or user config.source.json configured)"}
evt: {"event":"config_resolved","pinned_sha":"993d816b191e551b95f98bf6d1e643587b1a2edc","sess":"root-20260910-push-audit-sub0","tier":"implicit_default_repo","ts":1789079899352,"version":1,"why":"gm's own shared default config repo at https://github.com/AnEntrypoint/gm-config (no project or user config.source.json configured)"}
evt: {"event":"config_resolved","pinned_sha":"993d816b191e551b95f98bf6d1e643587b1a2edc","sess":"root-20260910-push-audit-sub0","tier":"implicit_default_repo","ts":1789079899354,"version":1,"why":"gm's own shared default config repo at https://github.com/AnEntrypoint/gm-config (no project or user config.source.json configured)"}
evt: {"event":"instruction.served","mutables_pending_count":0,"phase":"SPECIFY","prd_pending_count":0,"sess":"root-20260910-push-audit-sub0","ts":1789079899360}
evt: {"event":"dispatch.end","ms":2184,"sess":"root-20260910-push-audit-sub0","ts":1789079899360,"verb":"instruction"}
evt: {"event":"config_resolved","pinned_sha":"993d816b191e551b95f98bf6d1e643587b1a2edc","sess":"root-20260910-push-audit-sub0","tier":"implicit_default_repo","ts":1789079919879,"version":1,"why":"gm's own shared default config repo at https://github.com/AnEntrypoint/gm-config (no project or user config.source.json configured)"}
evt: {"event":"config_resolved","pinned_sha":"993d816b191e551b95f98bf6d1e643587b1a2edc","sess":"root-20260910-push-audit-sub0","tier":"implicit_default_repo","ts":1789079919881,"version":1,"why":"gm's own shared default config repo at https://github.com/AnEntrypoint/gm-config (no project or user config.source.json configured)"}
evt: {"event":"dispatch.end","ms":8,"sess":"root-20260910-push-audit-sub0","ts":1789079919885,"verb":"git_status"}
evt: {"event":"config_resolved","pinned_sha":"993d816b191e551b95f98bf6d1e643587b1a2edc","sess":"root-20260910-push-audit-log2","tier":"implicit_default_repo","ts":1789079938945,"version":1,"why":"gm's own shared default config repo at https://github.com/AnEntrypoint/gm-config (no project or user config.source.json configured)"}
evt: {"event":"config_resolved","pinned_sha":"993d816b191e551b95f98bf6d1e643587b1a2edc","sess":"root-20260910-push-audit-log2","tier":"implicit_default_repo","ts":1789079938947,"version":1,"why":"gm's own shared default config repo at https://github.com/AnEntrypoint/gm-config (no project or user config.source.json configured)"}
evt: {"event":"instruction.served","mutables_pending_count":0,"phase":"SPECIFY","prd_pending_count":0,"sess":"root-20260910-push-audit-log2","ts":1789079938954}
evt: {"event":"dispatch.end","ms":12,"sess":"root-20260910-push-audit-log2","ts":1789079938955,"verb":"instruction"}
evt: {"event":"config_resolved","pinned_sha":"993d816b191e551b95f98bf6d1e643587b1a2edc","sess":"root-20260910-push-audit-log2","tier":"implicit_default_repo","ts":1789079944886,"version":1,"why":"gm's own shared default config repo at https://github.com/AnEntrypoint/gm-config (no project or user config.source.json configured)"}
evt: {"event":"config_resolved","pinned_sha":"993d816b191e551b95f98bf6d1e643587b1a2edc","sess":"root-20260910-push-audit-log2","tier":"implicit_default_repo","ts":1789079944888,"version":1,"why":"gm's own shared default config repo at https://github.com/AnEntrypoint/gm-config (no project or user config.source.json configured)"}
evt: {"event":"dispatch.end","ms":7,"sess":"root-20260910-push-audit-log2","ts":1789079944891,"verb":"git_log"}
evt: {"event":"config_resolved","pinned_sha":"993d816b191e551b95f98bf6d1e643587b1a2edc","sess":"gm-plugkit-push-1789087000000","tier":"implicit_default_repo","ts":1789088317914,"version":1,"why":"gm's own shared default config repo at https://github.com/AnEntrypoint/gm-config (no project or user config.source.json configured)"}
evt: {"event":"config_resolved","pinned_sha":"993d816b191e551b95f98bf6d1e643587b1a2edc","sess":"gm-plugkit-push-1789087000000","tier":"implicit_default_repo","ts":1789088317916,"version":1,"why":"gm's own shared default config repo at https://github.com/AnEntrypoint/gm-config (no project or user config.source.json configured)"}
evt: {"detail":"verb=git_status gap_ms=8378962","event":"deviation.long-gap-no-instruction","kind":"long-gap-no-instruction","severity":"deny","source":"rs-plugkit/gates","sub":"hook","ts":1789088317918}
evt: {"event":"config_resolved","pinned_sha":"993d816b191e551b95f98bf6d1e643587b1a2edc","sess":"gm-plugkit-push-1789087000000","tier":"implicit_default_repo","ts":1789088323621,"version":1,"why":"gm's own shared default config repo at https://github.com/AnEntrypoint/gm-config (no project or user config.source.json configured)"}
evt: {"event":"config_resolved","pinned_sha":"993d816b191e551b95f98bf6d1e643587b1a2edc","sess":"gm-plugkit-push-1789087000000","tier":"implicit_default_repo","ts":1789088323622,"version":1,"why":"gm's own shared default config repo at https://github.com/AnEntrypoint/gm-config (no project or user config.source.json configured)"}
evt: {"dim":384,"event":"embed_generation_recorded","key":"b8b6f24106dd526a","model":"BAAI/bge-small-en-v1.5","scope":".gm/.embed-generation.rssearch_vectors","sess":"gm-plugkit-push-1789087000000","ts":1789088324114}
evt: {"event":"recall_first_touch_sync","namespaces":["default"],"result":{"converged":false,"report":[{"changed":1,"deferred":0,"failed":0,"namespace":"default","rekeyed":0,"removed_keys":0,"resurrected":0,"retimed":0,"upserted":1}]},"sess":"gm-plugkit-push-1789087000000","ts":1789088327770}
evt: {"did_sync":false,"event":"recall_vector_phase_timing","namespaces":1,"sess":"gm-plugkit-push-1789087000000","sync_ms":3726,"ts":1789088327770}
evt: {"event":"recall_vector_phase_timing","outcome":"ok","search_ms":2,"sess":"gm-plugkit-push-1789087000000","ts":1789088327772}
evt: {"did_sync":false,"event":"recall_vector_phase_timing","namespaces":1,"sess":"gm-plugkit-push-1789087000000","sync_ms":2,"ts":1789088327774}
evt: {"event":"recall_vector_phase_timing","outcome":"ok","search_ms":2,"sess":"gm-plugkit-push-1789087000000","ts":1789088327776}
evt: {"event":"recall","hit":true,"hit_keys":["mem-449563eb7523114f-1229"],"mode":"vector_top_k","n_hits":1,"namespace":"default","query":"Push user-requested gm compatibility correction after","sess":"gm-plugkit-push-1789087000000","sub":"memory","top_score":0.4145683709212296,"ts":1789088327776}
evt: {"event":"config_resolved","pinned_sha":"993d816b191e551b95f98bf6d1e643587b1a2edc","sess":"gm-plugkit-push-1789087000000","tier":"implicit_default_repo","ts":1789088327778,"version":1,"why":"gm's own shared default config repo at https://github.com/AnEntrypoint/gm-config (no project or user config.source.json configured)"}
evt: {"event":"config_resolved","pinned_sha":"993d816b191e551b95f98bf6d1e643587b1a2edc","sess":"gm-plugkit-push-1789087000000","tier":"implicit_default_repo","ts":1789088327780,"version":1,"why":"gm's own shared default config repo at https://github.com/AnEntrypoint/gm-config (no project or user config.source.json configured)"}
evt: {"event":"instruction.served","mutables_pending_count":0,"phase":"SPECIFY","prd_pending_count":0,"sess":"gm-plugkit-push-1789087000000","ts":1789088327782}
evt: {"event":"dispatch.end","ms":4164,"sess":"gm-plugkit-push-1789087000000","ts":1789088327782,"verb":"instruction"}
evt: {"event":"config_resolved","pinned_sha":"993d816b191e551b95f98bf6d1e643587b1a2edc","sess":"gm-plugkit-push-1789087000000","tier":"implicit_default_repo","ts":1789088334104,"version":1,"why":"gm's own shared default config repo at https://github.com/AnEntrypoint/gm-config (no project or user config.source.json configured)"}
evt: {"event":"config_resolved","pinned_sha":"993d816b191e551b95f98bf6d1e643587b1a2edc","sess":"gm-plugkit-push-1789087000000","tier":"implicit_default_repo","ts":1789088334105,"version":1,"why":"gm's own shared default config repo at https://github.com/AnEntrypoint/gm-config (no project or user config.source.json configured)"}
evt: {"event":"dispatch.end","ms":7,"sess":"gm-plugkit-push-1789087000000","ts":1789088334109,"verb":"git_diff"}
evt: {"event":"config_resolved","pinned_sha":"993d816b191e551b95f98bf6d1e643587b1a2edc","sess":"gm-plugkit-push-1789087000000","tier":"implicit_default_repo","ts":1789088353589,"version":1,"why":"gm's own shared default config repo at https://github.com/AnEntrypoint/gm-config (no project or user config.source.json configured)"}
evt: {"event":"config_resolved","pinned_sha":"993d816b191e551b95f98bf6d1e643587b1a2edc","sess":"gm-plugkit-push-1789087000000","tier":"implicit_default_repo","ts":1789088353591,"version":1,"why":"gm's own shared default config repo at https://github.com/AnEntrypoint/gm-config (no project or user config.source.json configured)"}
evt: {"event":"git.commit","repo":null,"sess":"gm-plugkit-push-1789087000000","sha":"128ccd702d","sha_full":"128ccd702db61534b3f07bb0015cfa1e5fea9b86","sub":"git","summary":"fix: route shell work through registered Bash tool","ts":1789088353618}
evt: {"event":"liqology_record_skipped","reason":"unknown_plugin","sess":"gm-plugkit-push-1789087000000","sha_full":"128ccd702db61534b3f07bb0015cfa1e5fea9b86","ts":1789088353827}
